// Jest Snapshot v1, https://goo.gl/fbAQLP

exports[`InstructorCourseStudentEditPageComponent should snap with default fields 1`] = `
<tm-instructor-course-student-edit-page
  FormValidator={[Function Object]}
  courseId="undefined"
  httpRequestService={[Function HttpRequestService]}
  isEmailFieldChanged="false"
  isEnabled={[Function Boolean]}
  isTeamnameFieldChanged="false"
  ngbModal={[Function NgbModal]}
  route={[Function ActivatedRoute]}
  router={[Function Router]}
  statusMessageService={[Function StatusMessageService]}
  studentService={[Function StudentService]}
>
  
</tm-instructor-course-student-edit-page>
`;

exports[`InstructorCourseStudentEditPageComponent should snap with student details 1`] = `
<tm-instructor-course-student-edit-page
  FormValidator={[Function Object]}
  courseId="undefined"
  editForm={[Function FormGroup]}
  httpRequestService={[Function HttpRequestService]}
  isEmailFieldChanged="false"
  isEnabled={[Function Boolean]}
  isTeamnameFieldChanged="false"
  ngbModal={[Function NgbModal]}
  route={[Function ActivatedRoute]}
  router={[Function Router]}
  statusMessageService={[Function StatusMessageService]}
  student={[Function Object]}
  studentService={[Function StudentService]}
>
  <div>
    <div
      class="card border-primary"
    >
      <div
        class="card-body fill-plain"
      >
        <form
          class="form form-horizontal ng-untouched ng-pristine ng-valid"
          id="instructor-student-edit-form"
          ng-reflect-form="[object Object]"
          novalidate=""
        >
          <div
            class="form-row"
          >
            <label
              class="col-sm-1"
            >
              Student Name:
            </label>
            <div
              class="col-sm-11"
            >
              <input
                class="form-control ng-untouched ng-pristine ng-valid"
                formcontrolname="studentname"
                id="studentname"
                ng-reflect-name="studentname"
              />
              
            </div>
          </div>
          <div
            class="form-row"
          >
            <label
              class="col-sm-1"
            >
              Section Name:
            </label>
            <div
              class="col-sm-11"
            >
              <input
                class="form-control ng-untouched ng-pristine ng-valid"
                formcontrolname="sectionname"
                id="sectionname"
                ng-reflect-name="sectionname"
              />
              
            </div>
          </div>
          <div
            class="form-row"
          >
            <label
              class="col-sm-1"
            >
              Team
              <br />
              Name:
            </label>
            <div
              class="col-sm-11"
            >
              <input
                class="form-control col-form-label ng-untouched ng-pristine ng-valid"
                formcontrolname="teamname"
                id="teamname"
                name="teamname"
                ng-reflect-name="teamname"
              />
              
            </div>
          </div>
          <div
            class="form-row"
          >
            <label
              class="col-sm-1"
            >
              E-mail Address:
            </label>
            <div
              class="col-sm-11"
            >
              <input
                class="form-control ng-untouched ng-pristine ng-valid"
                formcontrolname="newstudentemail"
                id="newstudentemail"
                ng-reflect-name="newstudentemail"
              />
              
            </div>
          </div>
          <div
            class="form-row"
          >
            <label
              class="col-sm-1"
            >
              Comments:
            </label>
            <div
              class="col-sm-11"
            >
              <textarea
                class="form-control ng-untouched ng-pristine ng-valid"
                formcontrolname="comments"
                id="comments"
                ng-reflect-name="comments"
                rows="6"
              >
                            
              </textarea>
            </div>
          </div>
          <br />
          <div
            class="text-center"
          >
            <input
              class="btn btn-primary"
              id="button_submit"
              type="submit"
              value="Save Changes"
            />
          </div>
          <br />
          <br />
          
          
        </form>
      </div>
    </div>
  </div>
</tm-instructor-course-student-edit-page>
`;
